// Vitest Snapshot v1, https://vitest.dev/guide/snapshot.html

exports[`useGraphqlMutation > Performs a mutation 1`] = `
{
  "data": {},
  "errors": [],
}
`;

exports[`useGraphqlMutation > Performs a mutation with variables 1`] = `
{
  "data": {},
  "errors": [],
}
`;

exports[`useGraphqlMutation > Throws an error for invalid mutation names. 1`] = `
{
  "data": {},
  "errors": [],
}
`;

exports[`useGraphqlQuery > Performs a query 1`] = `
{
  "data": {},
  "errors": [],
}
`;

exports[`useGraphqlQuery > Performs a query with non-string variables 1`] = `
{
  "data": {},
  "errors": [],
}
`;

exports[`useGraphqlQuery > Performs a query with string variables 1`] = `
{
  "data": {},
  "errors": [],
}
`;

exports[`useGraphqlQuery > Performs a query with string variables 2`] = `
{
  "data": {},
  "errors": [],
}
`;

exports[`useGraphqlQuery > Throws an error for invalid query names. 1`] = `
{
  "data": {},
  "errors": [],
}
`;
