// Vitest Snapshot v1, https://vitest.dev/guide/snapshot.html

exports[`defineEventHandler > Should handle a valid mutation 1`] = `
{
  "__customProperty": "foobar",
  "data": {},
  "endpoint": "http//localhost/graphql",
  "options": {
    "body": {
      "operationName": "barfoo",
      "query": "Mutation",
      "variables": {},
    },
    "method": "POST",
  },
}
`;
