// Vitest Snapshot v1, https://vitest.dev/guide/snapshot.html

exports[`getSchemaPath > Throws an error if the schema path is invalid 1`] = `[Error: Missing GraphQL schema.]`;

exports[`getSchemaPath > Throws an error if the schema should be downloaded but no endpoint is defined 1`] = `[Error: Missing graphqlEndpoint config.]`;
