// Vitest Snapshot v1

exports[`getSchemaPath > Returns the destination if the path is valid 1`] = `"/mnt/9446003b-4690-4fcd-9dba-5e051c432d33/development/nuxt-graphql-middleware/test/helpers/schema.graphql"`;

exports[`getSchemaPath > Throws an error if the schema path is invalid 1`] = `[Error: Missing GraphQL schema.]`;

exports[`getSchemaPath > Throws an error if the schema should be downloaded but no endpoint is defined 1`] = `[Error: Missing graphqlEndpoint config.]`;

exports[`inlineFragments > Inlines fragments 1`] = `
"fragment user on User {
  name
}


query test {
  user {
    ...user
  }
}
"
`;
