// Vitest Snapshot v1, https://vitest.dev/guide/snapshot.html

exports[`generateSchema > Generates the correct schema. > schema.graphql 1`] = `
"type Mutation {
  login(password: String!, user: String!): User
}

type Query {
  getText: String
  translate(text: String!): String!
}

type User {
  email: String!
  name: String!
}"
`;
